// Jest Snapshot v1, https://goo.gl/fbAQLP

exports[`Текст по отрисовке MainPage Текст по отрисовке MainPage 1`] = `
{
  "asFragment": [Function],
  "baseElement": <body>
    <div>
      <div
        class="mainPage"
      >
        <h2>
          MainPage
        </h2>
        <p>
          Lorem ipsum dolor, sit amet consectetur adipisicing elit. Nam cumque eligendi nobis reprehenderit delectus veritatis fuga ipsa vitae aliquid. Totam dicta quis iusto vero nisi et ex cupiditate corporis architecto?
        </p>
        <p>
          Lorem ipsum dolor, sit amet consectetur adipisicing elit. Exercitationem culpa assumenda laudantium libero sapiente vitae ut maiores quod ad, ducimus eius dicta et, odio, beatae maxime voluptatem officiis unde molestiae.
        </p>
        <p>
          Lorem ipsum dolor sit amet consectetur adipisicing elit. Eligendi accusamus, corporis suscipit non quaerat aspernatur maxime voluptatum totam voluptates omnis saepe similique aut earum dolor necessitatibus quia quam, porro architecto!
        </p>
      </div>
    </div>
  </body>,
  "container": <div>
    <div
      class="mainPage"
    >
      <h2>
        MainPage
      </h2>
      <p>
        Lorem ipsum dolor, sit amet consectetur adipisicing elit. Nam cumque eligendi nobis reprehenderit delectus veritatis fuga ipsa vitae aliquid. Totam dicta quis iusto vero nisi et ex cupiditate corporis architecto?
      </p>
      <p>
        Lorem ipsum dolor, sit amet consectetur adipisicing elit. Exercitationem culpa assumenda laudantium libero sapiente vitae ut maiores quod ad, ducimus eius dicta et, odio, beatae maxime voluptatem officiis unde molestiae.
      </p>
      <p>
        Lorem ipsum dolor sit amet consectetur adipisicing elit. Eligendi accusamus, corporis suscipit non quaerat aspernatur maxime voluptatum totam voluptates omnis saepe similique aut earum dolor necessitatibus quia quam, porro architecto!
      </p>
    </div>
  </div>,
  "debug": [Function],
  "findAllByAltText": [Function],
  "findAllByDisplayValue": [Function],
  "findAllByLabelText": [Function],
  "findAllByPlaceholderText": [Function],
  "findAllByRole": [Function],
  "findAllByTestId": [Function],
  "findAllByText": [Function],
  "findAllByTitle": [Function],
  "findByAltText": [Function],
  "findByDisplayValue": [Function],
  "findByLabelText": [Function],
  "findByPlaceholderText": [Function],
  "findByRole": [Function],
  "findByTestId": [Function],
  "findByText": [Function],
  "findByTitle": [Function],
  "getAllByAltText": [Function],
  "getAllByDisplayValue": [Function],
  "getAllByLabelText": [Function],
  "getAllByPlaceholderText": [Function],
  "getAllByRole": [Function],
  "getAllByTestId": [Function],
  "getAllByText": [Function],
  "getAllByTitle": [Function],
  "getByAltText": [Function],
  "getByDisplayValue": [Function],
  "getByLabelText": [Function],
  "getByPlaceholderText": [Function],
  "getByRole": [Function],
  "getByTestId": [Function],
  "getByText": [Function],
  "getByTitle": [Function],
  "queryAllByAltText": [Function],
  "queryAllByDisplayValue": [Function],
  "queryAllByLabelText": [Function],
  "queryAllByPlaceholderText": [Function],
  "queryAllByRole": [Function],
  "queryAllByTestId": [Function],
  "queryAllByText": [Function],
  "queryAllByTitle": [Function],
  "queryByAltText": [Function],
  "queryByDisplayValue": [Function],
  "queryByLabelText": [Function],
  "queryByPlaceholderText": [Function],
  "queryByRole": [Function],
  "queryByTestId": [Function],
  "queryByText": [Function],
  "queryByTitle": [Function],
  "rerender": [Function],
  "unmount": [Function],
}
`;
